
\begin{center}
\begin{tikzpicture}[line width=1]
\begin{axis}[width=3in, height=2in,
             scatter/classes={a={mark=*,draw=black}},
             xlabel={\mbox{}},
             xlabel style={name=xlabel}, 
             ylabel={\mbox{}}, 
             legend style={
                at={(xlabel.south)},
                yshift=-1ex,
                anchor=north,
                legend cell align=left,
                },
        ]
]
\addplot[draw=red, line width=2] coordinates {(100, 1)
(200, 2)
(300, 0.5)};\addlegendentry{bubblesort}\addplot[draw=green, line width=2] coordinates {(100, 5)
(200, 3)
(300, 7)};\addlegendentry{bubblesort2}\addplot[draw=blue, line width=2] coordinates {(100, 7)
(200, 4)
(300, 5)};\addlegendentry{selectionsort}
\end{axis}\end{tikzpicture}\end{center}
