
\begin{center}

\begin{tikzpicture}
\node at (1,-0.9) [circle,draw,minimum size=8mm] (A) {\texttt{+}};
\node at (0,-1.8) [circle,draw,minimum size=8mm] (B) {\texttt{1}};
\node at (2,-1.8) [circle,draw,minimum size=8mm] (C) {\texttt{*}};
\node at (1,-2.7) [circle,draw,minimum size=8mm] (F) {\texttt{2}};
\node at (3,-2.7) [circle,draw,minimum size=8mm] (G) {\texttt{3}};
\draw [-,thick] (A) -- (B);
\draw [-,thick] (A) -- (C);
\draw [-,thick] (C) -- (F);
\draw [-,thick] (C) -- (G);

;
\end{tikzpicture}
    
\end{center}

