
\begin{center}
\begin{tikzpicture}[>=triangle 60,scale=.6]
\begin{axis}[
width=5in, height=4in,
xmin=-5, xmax=5,
ymin=-3, ymax=5,
axis x line=middle,
axis y line=middle,
grid=major
]
\addplot[->] coordinates {(0,0) (2,3)};
\end{axis}
\end{tikzpicture}
\end{center}

