\begin{center}
\begin{tikzpicture}

\fill[blue!10] (0.0, 0.0) circle (2);
\draw[black] (0.0, 0.0) circle (2.0);\draw (90: 2.3) node {\textwhite{$0$}};\draw (54.0: 2.3) node {\textwhite{$1$}};\draw (18.0: 2.3) node {\textwhite{$2$}};\draw (-18.0: 2.3) node {$3$};\draw (-54.0: 2.3) node {\textwhite{$4$}};\draw (-90.0: 2.3) node {\textwhite{$5$}};\draw (-126.0: 2.3) node {\textwhite{$6$}};\draw (-162.0: 2.3) node {$7$};\draw (-198.0: 2.3) node {\textwhite{$8$}};\draw (-234.0: 2.3) node {$9$};
\end{tikzpicture}

\end{center}

